<?xml version="1.0" encoding="utf-8"?><testsuites name="pytest tests"><testsuite name="pytest" errors="0" failures="0" skipped="0" tests="83" time="7.275" timestamp="2025-08-31T16:48:26.775954-04:00" hostname="home"><testcase classname="tests.test_claude.TestCore" name="test_render_wrapper" file="tests\test_claude.py" line="142" time="0.010" /><testcase classname="tests.test_gpt5.test_syntax_check" name="test_validate_bash_syntax_valid_and_unterminated_quote" file="tests\test_gpt5\test_syntax_check.py" line="14" time="0.298" /><testcase classname="tests.test_claude.TestCore" name="test_make_python_c_simple" file="tests\test_claude.py" line="104" time="0.099" /><testcase classname="tests.test_claude.TestCore" name="test_make_python_c_with_shebang" file="tests\test_claude.py" line="110" time="0.101" /><testcase classname="tests.test_claude.TestCore" name="test_b64z" file="tests\test_claude.py" line="95" time="0.001" /><testcase classname="tests.test_claude.TestCore" name="test_compress_to_b64" file="tests\test_claude.py" line="76" time="0.001" /><testcase classname="tests.test_claude.TestCore" name="test_render_wrapper_zip" file="tests\test_claude.py" line="135" time="0.005" /><testcase classname="tests.test_claude.TestCore" name="test_render_wrapper_plain" file="tests\test_claude.py" line="149" time="0.003" /><testcase classname="tests.test_claude.TestCore" name="test_compress_to_b64_unicode" file="tests\test_claude.py" line="87" time="0.001" /><testcase classname="tests.test_claude.TestCore" name="test_render" file="tests\test_claude.py" line="124" time="0.003" /><testcase classname="tests.test_claude.TestCore" name="test_make_python_c_invalid_python" file="tests\test_claude.py" line="119" time="0.002" /><testcase classname="tests.test_claude.TestCore" name="test_render_wrapper_plain_invalid_python" file="tests\test_claude.py" line="159" time="0.001" /><testcase classname="tests.test_claude.TestValidateSyntax" name="test_validate_python_syntax_valid" file="tests\test_claude.py" line="35" time="0.001" /><testcase classname="tests.test_claude.TestValidateSyntax" name="test_validate_bash_syntax_invalid" file="tests\test_claude.py" line="65" time="0.183" /><testcase classname="tests.test_gpt5.test_syntax_check" name="test_validate_python_syntax_valid_and_invalid" file="tests\test_gpt5\test_syntax_check.py" line="8" time="0.002" /><testcase classname="tests.test_gpt5.test_core" name="test_render_wrapper_plain_exec" file="tests\test_gpt5\test_core.py" line="59" time="0.400" /><testcase classname="tests.test_claude.TestValidateSyntax" name="test_validate_python_syntax_invalid" file="tests\test_claude.py" line="42" time="0.001" /><testcase classname="tests.test_claude.TestValidateSyntax" name="test_validate_bash_syntax_valid" file="tests\test_claude.py" line="49" time="0.456" /><testcase classname="tests.test_gpt5.test_core" name="test_b64z_roundtrip_bytes" file="tests\test_gpt5\test_core.py" line="38" time="0.001" /><testcase classname="tests.test_gpt5.test_core" name="test_make_python_c_rejects_invalid_python" file="tests\test_gpt5\test_core.py" line="68" time="0.002" /><testcase classname="tests.test_gpt5.test_core" name="test_render_wrapper_zip_import_module_call_function" file="tests\test_gpt5\test_core.py" line="107" time="0.422" /><testcase classname="tests.test_claude.TestSingleFile" name="test_dashc_plain_text" file="tests\test_claude.py" line="184" time="0.103" /><testcase classname="tests.test_claude.TestSingleFile" name="test_dashc_compressed" file="tests\test_claude.py" line="168" time="0.349" /><testcase classname="tests.test_gpt5.test_core" name="test_render_wrapper_exec_and_virtual_filename" file="tests\test_gpt5\test_core.py" line="45" time="0.300" /><testcase classname="tests.test_claude.TestSingleFile" name="test_dashc_no_shebang" file="tests\test_claude.py" line="197" time="0.357" /><testcase classname="tests.test_gpt5.test_core" name="test_compress_to_b64_roundtrip_text" file="tests\test_gpt5\test_core.py" line="31" time="0.001" /><testcase classname="tests.test_gpt5.test_core" name="test_render_wrapper_zip_run_module_exec" file="tests\test_gpt5\test_core.py" line="81" time="0.350" /><testcase classname="tests.test_claude.TestIntegration" name="test_executable_python_code_from_file" file="tests\test_claude.py" line="367" time="0.394" /><testcase classname="tests.test_gpt5.test_core" name="test_make_python_c_single_line_command_syntax_is_ok_for_bash" file="tests\test_gpt5\test_core.py" line="73" time="0.183" /><testcase classname="tests.test_claude.TestSingleModule" name="test_dashc_module_compression_options" file="tests\test_claude.py" line="328" time="1.420" /><testcase classname="tests.test_claude.TestIntegration" name="test_plain_text_preserves_source" file="tests\test_claude.py" line="387" time="0.092" /><testcase classname="tests.test_claude.TestSingleModule" name="test_dashc_module_auto_entrypoint" file="tests\test_claude.py" line="294" time="0.348" /><testcase classname="tests.test_claude.TestSingleModule" name="test_dashc_module_function_entrypoint" file="tests\test_claude.py" line="313" time="0.356" /><testcase classname="tests.test_claude.TestSingleModule" name="test_dashc_module_invalid_compression" file="tests\test_claude.py" line="344" time="0.004" /><testcase classname="tests.test_claude.TestSingleModule" name="test_find_main_package_none" file="tests\test_claude.py" line="285" time="0.005" /><testcase classname="tests.test_claude.TestSingleModule" name="test_find_main_package_nested" file="tests\test_claude.py" line="259" time="0.004" /><testcase classname="tests.test_claude.TestSingleModule" name="test_dashc_module_no_shebang" file="tests\test_claude.py" line="352" time="0.345" /><testcase classname="tests.test_claude.TestSingleModule" name="test_find_main_package_single" file="tests\test_claude.py" line="248" time="0.004" /><testcase classname="tests.test_claude.TestBugsAndEdgeCases" name="test_make_python_c_generated_bash_validity" file="tests\test_claude.py" line="515" time="0.546" /><testcase classname="tests.test_claude.TestSingleModule" name="test_find_main_package_multiple" file="tests\test_claude.py" line="269" time="0.005" /><testcase classname="tests.test_claude.TestSingleModule" name="test_compression_map" file="tests\test_claude.py" line="213" time="0.001" /><testcase classname="tests.test_claude.TestSingleModule" name="test_dir_to_zip_bytes" file="tests\test_claude.py" line="220" time="0.046" /><testcase classname="tests.test_claude.TestBugsAndEdgeCases" name="test_unicode_in_filenames" file="tests\test_claude.py" line="437" time="0.106" /><testcase classname="tests.test_claude.TestBugsAndEdgeCases" name="test_deeply_nested_packages" file="tests\test_claude.py" line="487" time="0.009" /><testcase classname="tests.test_claude.TestBugsAndEdgeCases" name="test_special_characters_in_source" file="tests\test_claude.py" line="445" time="0.103" /><testcase classname="tests.test_claude.TestBugsAndEdgeCases" name="test_bash_validation_fallback" file="tests\test_claude.py" line="502" time="0.003" /><testcase classname="tests.test_claude.TestBugsAndEdgeCases" name="test_large_file_compression" file="tests\test_claude.py" line="425" time="0.375" /><testcase classname="tests.test_claude.TestBugsAndEdgeCases" name="test_argument_passing" file="tests\test_claude.py" line="529" time="0.330" /><testcase classname="tests.test_grok.test_all" name="test_dashc_no_shebang" file="tests\test_grok\test_all.py" line="178" time="0.339" /><testcase classname="tests.test_claude.TestBugsAndEdgeCases" name="test_package_with_data_files" file="tests\test_claude.py" line="467" time="0.011" /><testcase classname="tests.test_claude.TestBugsAndEdgeCases" name="test_empty_file_handling" file="tests\test_claude.py" line="413" time="0.447" /><testcase classname="tests.test_grok.test_all" name="test_render_wrapper_plain" file="tests\test_grok\test_all.py" line="143" time="0.002" /><testcase classname="tests.test_grok.test_all" name="test__find_main_package_none" file="tests\test_grok\test_all.py" line="223" time="0.003" /><testcase classname="tests.test_grok.test_all" name="test__find_main_package_multiple" file="tests\test_grok\test_all.py" line="209" time="0.009" /><testcase classname="tests.test_grok.test_all" name="test_make_python_c_simple" file="tests\test_grok\test_all.py" line="88" time="0.089" /><testcase classname="tests.test_grok.test_all" name="test_dir_to_zip_bytes_different_compression" file="tests\test_grok\test_all.py" line="198" time="0.007" /><testcase classname="tests.test_grok.test_all" name="test_render_valid_template" file="tests\test_grok\test_all.py" line="112" time="0.003" /><testcase classname="tests.test_grok.test_all" name="test_render_wrapper" file="tests\test_grok\test_all.py" line="134" time="0.002" /><testcase classname="tests.test_grok.test_all" name="test_dashc_exception" file="tests\test_grok\test_all.py" line="158" time="0.001" /><testcase classname="tests.test_grok.test_all" name="test_make_python_c_with_shebang" file="tests\test_grok\test_all.py" line="94" time="0.101" /><testcase classname="tests.test_grok.test_all" name="test_compress_to_b64_empty" file="tests\test_grok\test_all.py" line="63" time="0.001" /><testcase classname="tests.test_grok.test_all" name="test_dir_to_zip_bytes" file="tests\test_grok\test_all.py" line="187" time="0.007" /><testcase classname="tests.test_grok.test_all" name="test_b64z_empty" file="tests\test_grok\test_all.py" line="80" time="0.001" /><testcase classname="tests.test_grok.test_all" name="test_render_wrapper_plain_invalid_python" file="tests\test_grok\test_all.py" line="151" time="0.002" /><testcase classname="tests.test_grok.test_all" name="test_render_wrapper_zip" file="tests\test_grok\test_all.py" line="126" time="0.005" /><testcase classname="tests.test_grok.test_all" name="test_make_python_c_custom_python_exe" file="tests\test_grok\test_all.py" line="100" time="0.094" /><testcase classname="tests.test_grok.test_all" name="test_dashc_plain_text" file="tests\test_grok\test_all.py" line="166" time="0.099" /><testcase classname="tests.test_grok.test_all" name="test__find_main_package" file="tests\test_grok\test_all.py" line="204" time="0.004" /><testcase classname="tests.test_grok.test_all" name="test_compress_to_b64" file="tests\test_grok\test_all.py" line="54" time="0.001" /><testcase classname="tests.test_grok.test_all" name="test_make_python_c_invalid_python" file="tests\test_grok\test_all.py" line="106" time="0.001" /><testcase classname="tests.test_grok.test_all" name="test_dashc_module_invalid_compression" file="tests\test_grok\test_all.py" line="236" time="0.007" /><testcase classname="tests.test_grok.test_all" name="test_validate_python_syntax_invalid" file="tests\test_grok\test_all.py" line="248" time="0.002" /><testcase classname="tests.test_grok.test_all" name="test_validate_bash_syntax_invalid" file="tests\test_grok\test_all.py" line="256" time="0.088" /><testcase classname="tests.test_grok.test_all" name="test_render_invalid_template" file="tests\test_grok\test_all.py" line="121" time="0.001" /><testcase classname="tests.test_grok.test_all" name="test_validate_python_syntax_valid" file="tests\test_grok\test_all.py" line="244" time="0.001" /><testcase classname="tests.test_grok.test_all" name="test_dashc_module_auto_entrypoint" file="tests\test_grok\test_all.py" line="228" time="0.389" /><testcase classname="tests.test_grok.test_all" name="test_b64z" file="tests\test_grok\test_all.py" line="71" time="0.001" /><testcase classname="tests.test_gpt5.test_file_and_module" name="test_wrapper_zip_executes_via_render_and_payload" file="tests\test_gpt5\test_file_and_module.py" line="61" time="0.387" /><testcase classname="tests.test_grok.test_all" name="test_validate_bash_syntax_valid" file="tests\test_grok\test_all.py" line="252" time="0.095" /><testcase classname="tests.test_gpt5.test_file_and_module" name="test__find_main_package_prefers_first_alphabetical" file="tests\test_gpt5\test_file_and_module.py" line="43" time="0.008" /><testcase classname="tests.test_gpt5.test_file_and_module" name="test_single_file_dashc_plain_text_ok" file="tests\test_gpt5\test_file_and_module.py" line="12" time="0.181" /><testcase classname="tests.test_gpt5.test_file_and_module" name="test_dashc_module_returns_a_command_string" file="tests\test_gpt5\test_file_and_module.py" line="80" time="0.692" /><testcase classname="tests.test_gpt5.test_file_and_module" name="test_dir_to_zip_bytes_roundtrip" file="tests\test_gpt5\test_file_and_module.py" line="22" time="0.005" /></testsuite></testsuites>